// Jest Snapshot v1, https://goo.gl/fbAQLP

exports[`DateForm should match snapshot 1`] = `
<ContextConsumer>
  <Component />
</ContextConsumer>
`;
