// Jest Snapshot v1, https://goo.gl/fbAQLP

exports[`App should match snapshot with bad url 1`] = `
<div
  className="App"
>
  <h1
    className="logo"
  >
    TRAVELR
  </h1>
  <NavBar />
  <Switch>
    <Route
      exact={true}
      path="/"
      render={[Function]}
    />
    <Route
      path="/objects/:id"
      render={[Function]}
    />
    <Route
      component={[Function]}
    />
  </Switch>
</div>
`;

exports[`App should match snapshot with good url 1`] = `
<div
  className="App"
>
  <h1
    className="logo"
  >
    TRAVELR
  </h1>
  <NavBar />
  <Switch>
    <Route
      exact={true}
      path="/"
      render={[Function]}
    />
    <Route
      path="/objects/:id"
      render={[Function]}
    />
    <Route
      component={[Function]}
    />
  </Switch>
</div>
`;
