// Jest Snapshot v1, https://goo.gl/fbAQLP

exports[`NotFound should match snapshot 1`] = `
<div
  className="not-found"
>
  <h3>
    404 NOT FOUND
  </h3>
  <Link
    replace={false}
    to="/"
  >
    HOME
  </Link>
</div>
`;
