// Jest Snapshot v1, https://goo.gl/fbAQLP

exports[`NavBtn should match snapshot 1`] = `
<li>
  <Link
    replace={false}
    to="/"
  >
    name
  </Link>
</li>
`;
